interactions:
- request:
    body: null
    headers:
      Accept:
      - '*/*'
      Accept-Encoding:
      - gzip, deflate
      Authorization:
      - Bearer eyJhbGciOiJIUzI1NiIsInR5cCI6IkpXVCJ9.eyJpc3MiOiJ0ZXN0LXZjciIsImlhdCI6MTc2OTA3NTA5MSwiY2xpZW50X2lkIjoidGVzdC12Y3IiLCJ1c2VyX2lkIjoiIiwidXNlcl9yZXByZXNlbnRhdGlvbiI6IiJ9.UOe3A-UL2RiEh5OfRQ0bISKmRBPIUyV2BmR2zhH5Mo4
      Connection:
      - keep-alive
      User-Agent:
      - python-requests/2.32.4
    method: GET
    uri: http://localhost:8003/zaken/api/v1/zaakobjecten?zaak=http%3A%2F%2Fzaken-api.nl%2Fzaken%2F5f420566-97f6-497b-b296-d8db5bdeb78e
  response:
    body:
      string: '{"count":0,"next":null,"previous":null,"results":[]}'
    headers:
      API-version:
      - 1.5.1
      Allow:
      - GET, POST, HEAD, OPTIONS
      Connection:
      - keep-alive
      Content-Length:
      - '52'
      Content-Security-Policy:
      - 'img-src ''self'' data: cdn.redoc.ly cdnjs.cloudflare.com tile.openstreetmap.org;
        frame-src ''self''; form-action ''self''; object-src ''none''; worker-src
        ''self'' blob:; style-src ''self'' ''unsafe-inline'' fonts.googleapis.com
        cdnjs.cloudflare.com cdn.jsdelivr.net; script-src ''self'' ''unsafe-inline''
        cdnjs.cloudflare.com cdn.jsdelivr.net; default-src ''self''; base-uri ''self'';
        frame-ancestors ''none''; font-src ''self'' fonts.gstatic.com'
      Content-Type:
      - application/json
      Cross-Origin-Opener-Policy:
      - same-origin
      Date:
      - Thu, 22 Jan 2026 09:44:51 GMT
      Referrer-Policy:
      - same-origin
      Server:
      - nginx/1.29.2
      Vary:
      - Accept, origin, Cookie
      X-Content-Type-Options:
      - nosniff
      X-Frame-Options:
      - DENY
    status:
      code: 200
      message: OK
- request:
    body: null
    headers:
      Accept:
      - '*/*'
      Accept-Encoding:
      - gzip, deflate
      Authorization:
      - Bearer eyJhbGciOiJIUzI1NiIsInR5cCI6IkpXVCJ9.eyJpc3MiOiJ0ZXN0LXZjciIsImlhdCI6MTc2OTA3NTA5MSwiY2xpZW50X2lkIjoidGVzdC12Y3IiLCJ1c2VyX2lkIjoiIiwidXNlcl9yZXByZXNlbnRhdGlvbiI6IiJ9.UOe3A-UL2RiEh5OfRQ0bISKmRBPIUyV2BmR2zhH5Mo4
      Connection:
      - keep-alive
      User-Agent:
      - python-requests/2.32.4
    method: GET
    uri: http://localhost:8003/besluiten/api/v1/besluiten?zaak=http%3A%2F%2Fzaken-api.nl%2Fzaken%2F5f420566-97f6-497b-b296-d8db5bdeb78e
  response:
    body:
      string: '{"count":0,"next":null,"previous":null,"results":[]}'
    headers:
      API-version:
      - 1.1.0
      Allow:
      - GET, POST, HEAD, OPTIONS
      Connection:
      - keep-alive
      Content-Length:
      - '52'
      Content-Security-Policy:
      - 'img-src ''self'' data: cdn.redoc.ly cdnjs.cloudflare.com tile.openstreetmap.org;
        frame-src ''self''; form-action ''self''; object-src ''none''; worker-src
        ''self'' blob:; style-src ''self'' ''unsafe-inline'' fonts.googleapis.com
        cdnjs.cloudflare.com cdn.jsdelivr.net; script-src ''self'' ''unsafe-inline''
        cdnjs.cloudflare.com cdn.jsdelivr.net; default-src ''self''; base-uri ''self'';
        frame-ancestors ''none''; font-src ''self'' fonts.gstatic.com'
      Content-Type:
      - application/json
      Cross-Origin-Opener-Policy:
      - same-origin
      Date:
      - Thu, 22 Jan 2026 09:44:51 GMT
      Referrer-Policy:
      - same-origin
      Server:
      - nginx/1.29.2
      Vary:
      - Accept, origin, Cookie
      X-Content-Type-Options:
      - nosniff
      X-Frame-Options:
      - DENY
    status:
      code: 200
      message: OK
- request:
    body: null
    headers:
      Accept:
      - '*/*'
      Accept-Encoding:
      - gzip, deflate
      Authorization:
      - Bearer eyJhbGciOiJIUzI1NiIsInR5cCI6IkpXVCJ9.eyJpc3MiOiJ0ZXN0LXZjciIsImlhdCI6MTc2OTA3NTA5MSwiY2xpZW50X2lkIjoidGVzdC12Y3IiLCJ1c2VyX2lkIjoiIiwidXNlcl9yZXByZXNlbnRhdGlvbiI6IiJ9.UOe3A-UL2RiEh5OfRQ0bISKmRBPIUyV2BmR2zhH5Mo4
      Connection:
      - keep-alive
      User-Agent:
      - python-requests/2.32.4
    method: GET
    uri: http://localhost:8003/zaken/api/v1/zaakinformatieobjecten?zaak=http%3A%2F%2Fzaken-api.nl%2Fzaken%2F5f420566-97f6-497b-b296-d8db5bdeb78e
  response:
    body:
      string: '[]'
    headers:
      API-version:
      - 1.5.1
      Allow:
      - GET, POST, HEAD, OPTIONS
      Connection:
      - keep-alive
      Content-Length:
      - '2'
      Content-Security-Policy:
      - 'img-src ''self'' data: cdn.redoc.ly cdnjs.cloudflare.com tile.openstreetmap.org;
        frame-src ''self''; form-action ''self''; object-src ''none''; worker-src
        ''self'' blob:; style-src ''self'' ''unsafe-inline'' fonts.googleapis.com
        cdnjs.cloudflare.com cdn.jsdelivr.net; script-src ''self'' ''unsafe-inline''
        cdnjs.cloudflare.com cdn.jsdelivr.net; default-src ''self''; base-uri ''self'';
        frame-ancestors ''none''; font-src ''self'' fonts.gstatic.com'
      Content-Type:
      - application/json
      Cross-Origin-Opener-Policy:
      - same-origin
      Date:
      - Thu, 22 Jan 2026 09:44:51 GMT
      Referrer-Policy:
      - same-origin
      Server:
      - nginx/1.29.2
      Vary:
      - Accept, origin, Cookie
      X-Content-Type-Options:
      - nosniff
      X-Frame-Options:
      - DENY
    status:
      code: 200
      message: OK
version: 1
